--------------------------------------------------------------------------------
Release 14.2 Trace  (nt64)
Copyright (c) 1995-2012 Xilinx, Inc.  All rights reserved.

C:\Xilinx\14.2\ISE_DS\ISE\bin\nt64\unwrapped\trce.exe -intstyle ise -v 3 -s 5
-n 3 -fastpaths -xml MAIN_2.twx MAIN_2.ncd -o MAIN_2.twr MAIN_2.pcf -ucf
BLDC_2.ucf

Design file:              MAIN_2.ncd
Physical constraint file: MAIN_2.pcf
Device,package,speed:     xc3s250e,cp132,-5 (PRODUCTION 1.27 2012-07-09)
Report level:             verbose report

Environment Variable      Effect 
--------------------      ------ 
NONE                      No environment variables were set
--------------------------------------------------------------------------------

INFO:Timing:2698 - No timing constraints found, doing default enumeration.
INFO:Timing:3412 - To improve timing, see the Timing Closure User Guide (UG612).
INFO:Timing:2752 - To get complete path coverage, use the unconstrained paths 
   option. All paths that are not constrained will be reported in the 
   unconstrained paths section(s) of the report.
INFO:Timing:3339 - The clock-to-out numbers in this timing report are based on 
   a 50 Ohm transmission line loading model.  For the details of this model, 
   and for more information on accounting for different loading conditions, 
   please see the device datasheet.
INFO:Timing:3390 - This architecture does not support a default System Jitter 
   value, please add SYSTEM_JITTER constraint to the UCF to modify the Clock 
   Uncertainty calculation.
INFO:Timing:3389 - This architecture does not support 'Discrete Jitter' and 
   'Phase Error' calculations, these terms will be zero in the Clock 
   Uncertainty calculation.  Please make appropriate modification to 
   SYSTEM_JITTER to account for the unsupported Discrete Jitter and Phase 
   Error.



Data Sheet report:
-----------------
All values displayed in nanoseconds (ns)

Setup/Hold to clock CLK
------------+------------+------------+------------------+--------+
            |Max Setup to|Max Hold to |                  | Clock  |
Source      | clk (edge) | clk (edge) |Internal Clock(s) | Phase  |
------------+------------+------------+------------------+--------+
W<0>        |    4.929(R)|   -1.792(R)|CLK_BUFGP         |   0.000|
W<1>        |    4.581(R)|   -1.943(R)|CLK_BUFGP         |   0.000|
W<2>        |    4.173(R)|   -1.009(R)|CLK_BUFGP         |   0.000|
W<3>        |    3.419(R)|    0.019(R)|CLK_BUFGP         |   0.000|
------------+------------+------------+------------------+--------+

Clock CLK to Pad
------------+------------+------------------+--------+
            | clk (edge) |                  | Clock  |
Destination |   to PAD   |Internal Clock(s) | Phase  |
------------+------------+------------------+--------+
A           |   13.049(R)|CLK_BUFGP         |   0.000|
AA          |   12.414(R)|CLK_BUFGP         |   0.000|
B           |   13.390(R)|CLK_BUFGP         |   0.000|
BB          |   13.683(R)|CLK_BUFGP         |   0.000|
C           |   13.592(R)|CLK_BUFGP         |   0.000|
CC          |   13.726(R)|CLK_BUFGP         |   0.000|
------------+------------+------------------+--------+

Clock to Setup on destination clock CLK
---------------+---------+---------+---------+---------+
               | Src:Rise| Src:Fall| Src:Rise| Src:Fall|
Source Clock   |Dest:Rise|Dest:Rise|Dest:Fall|Dest:Fall|
---------------+---------+---------+---------+---------+
CLK            |    4.032|         |         |         |
---------------+---------+---------+---------+---------+

Pad to Pad
---------------+---------------+---------+
Source Pad     |Destination Pad|  Delay  |
---------------+---------------+---------+
H1             |A              |   11.775|
H1             |AA             |   11.461|
H1             |C              |   10.677|
H1             |CC             |   10.192|
H2             |A              |   11.802|
H2             |AA             |   11.510|
H2             |B              |   11.054|
H2             |BB             |   10.598|
H3             |B              |   10.393|
H3             |BB             |    9.931|
H3             |C              |   11.248|
H3             |CC             |   10.707|
---------------+---------------+---------+


Analysis completed Wed Dec 14 01:00:38 2016 
--------------------------------------------------------------------------------

Trace Settings:
-------------------------
Trace Settings 

Peak Memory Usage: 163 MB



